[atkinselectricga.com/index.html]
[backblue.gif]
[fade.gif]
[index.html]
[atkinselectricga.com/wp-includes/css/dist/block-library/style.min.css]
[atkinselectricga.com/home/feed/index.html]
[atkinselectricga.com/wp-content/plugins/wp-lightbox-2/styles/lightbox.min.css]
[atkinselectricga.com/wp-content/themes/rele7/normalize.min.css]
[atkinselectricga.com/wp-content/themes/rele7/foundation.css]
[atkinselectricga.com/wp-content/themes/rele7/style.css]
[atkinselectricga.com/wp-content/themes/rele7/styles/jquery.datetimepicker.css]
[atkinselectricga.com/wp-content/themes/rele7/slick/slick.css]
[atkinselectricga.com/wp-content/themes/rele7/page-css.css]
[atkinselectricga.com/wp-content/themes/rele7/scripts/jquery.min.js]
[atkinselectricga.com/wp-content/themes/rele7/js/foundation/foundation.js]
[atkinselectricga.com/wp-content/themes/rele7/js/foundation/foundation.topbar.js]
[kit.fontawesome.com/f9c8f97a41.js]
[www.google-analytics.com/analytics.js]
[atkinselectricga.com/wp-content/uploads/sites/517/2018/09/company-logo-web.png]
[atkinselectricga.com/wp-content/themes/rele7/images/sliders/slide-1.jpg]
[atkinselectricga.com/contact-us/index.html]
[atkinselectricga.com/home/index.html]
[atkinselectricga.com/wp-content/themes/rele7/images/sliders/slide-3.jpg]
[atkinselectricga.com/about-us/index.html]
[atkinselectricga.com/services/index.html]
[atkinselectricga.com/services/electrical-contractor/index.html]
[atkinselectricga.com/wp-content/themes/rele7/images/sliders/slide-2.jpg]
[atkinselectricga.com/services/electrical-inspections/index.html]
[atkinselectricga.com/services/landscape-lighting/index.html]
[atkinselectricga.com/wp-content/uploads/sites/517/2018/09/top-choice-icon.png]
[atkinselectricga.com/services/lighting-installation/index.html]
[atkinselectricga.com/wp-content/uploads/sites/517/2018/09/electrician-1.png]
[atkinselectricga.com/services/new-construction-electrical/index.html]
[atkinselectricga.com/services/appliance-installation/index.html]
[atkinselectricga.com/services/electrical-repair/index.html]
[atkinselectricga.com/wp-content/uploads/sites/517/2018/09/flip-3.jpg]
[atkinselectricga.com/services/electrical-retrofitting/index.html]
[atkinselectricga.com/services/electrician/index.html]
[atkinselectricga.com/wp-content/uploads/sites/517/2018/09/slip-2.jpg]
[atkinselectricga.com/services/emergency-electrician/index.html]
[atkinselectricga.com/services/lighting-electrician/index.html]
[atkinselectricga.com/wp-content/uploads/sites/517/2018/09/flip-1.jpg]
[atkinselectricga.com/services/rewiring-service/index.html]
[atkinselectricga.com/services/standby-generators/index.html]
[atkinselectricga.com/wp-content/themes/rele7/formValidation/reCaptcha/get_captcha.png]
[atkinselectricga.com/services/security-lighting/index.html]
[atkinselectricga.com/services/surge-protection/index.html]
[atkinselectricga.com/services/ceiling-fan-installation/index.html]
[atkinselectricga.com/wp-content/themes/rele7/images/refresh.png]
[atkinselectricga.com/services/hot-tub-and-sauna-electrical-services/index.html]
[atkinselectricga.com/faq/index.html]
[atkinselectricga.com/service-areas/index.html]
[www.linknow.com/linknow_images/linknow-logo-white.png]
[atkinselectricga.com/wp-content/plugins/linknowmedia-email/styles/jquery.datetimepicker.css]
[atkinselectricga.com/wp-content/plugins/wp-lightbox-2/wp-lightbox-2.min.js]
[atkinselectricga.com/wp-content/themes/rele7/js/foundation/foundation.equalizer.js]
[atkinselectricga.com/wp-content/themes/rele7/scripts/vendor/modernizr.js]
[atkinselectricga.com/wp-content/themes/rele7/scripts/lnm-scripts.min.js]
[atkinselectricga.com/wp-content/themes/rele7/slick/slick.js]
[atkinselectricga.com/index.html]
[atkinselectricga.com/wp-includes/css/dist/block-library/style.min.css]
[atkinselectricga.com/wp-content/plugins/linknowmedia-email/scripts/compiled.js]
[atkinselectricga.com/wp-content/plugins/wp-lightbox-2/styles/images/loading.gif]
[atkinselectricga.com/wp-content/plugins/wp-lightbox-2/styles/images/closelabel.gif]
[atkinselectricga.com/wp-content/plugins/wp-lightbox-2/styles/images/blank.gif]
[atkinselectricga.com/wp-content/plugins/wp-lightbox-2/styles/images/prev.gif]
[atkinselectricga.com/wp-content/plugins/wp-lightbox-2/styles/images/next.gif]
[atkinselectricga.com/wp-content/plugins/wp-lightbox-2/styles/lightbox.min.css]
[atkinselectricga.com/wp-content/themes/rele7/normalize.min.css]
[atkinselectricga.com/wp-content/themes/rele7/foundation.css]
[atkinselectricga.com/wp-content/themes/rele7/images/x.png]
[atkinselectricga.com/wp-content/themes/rele7/images/newstars.png]
[atkinselectricga.com/wp-content/themes/rele7/style.css]
[atkinselectricga.com/wp-content/themes/rele7/styles/jquery.datetimepicker.css]
[atkinselectricga.com/wp-content/themes/rele7/slick/ajax-loader.gif]
[atkinselectricga.com/wp-content/themes/rele7/slick/fonts/slick.eot]
[atkinselectricga.com/wp-content/themes/rele7/slick/fonts/slickd41d.eot]
[atkinselectricga.com/wp-content/themes/rele7/slick/fonts/slick.woff]
[atkinselectricga.com/wp-content/themes/rele7/slick/fonts/slick.ttf]
[atkinselectricga.com/wp-content/themes/rele7/slick/slick.css]
[atkinselectricga.com/wp-content/themes/rele7/slick/fonts/slick.svg]
[atkinselectricga.com/wp-content/themes/rele7/images/scroll-dots.png]
[atkinselectricga.com/wp-content/themes/rele7/images/particles-bg.png]
[atkinselectricga.com/wp-content/themes/rele7/images/dotted-lines.png]
[atkinselectricga.com/wp-content/themes/rele7/images/cta-background.jpg]
[atkinselectricga.com/wp-content/themes/rele7/page-css.css]
[atkinselectricga.com/indexc471.html]
[atkinselectricga.com/index2a4a.html]
[atkinselectricga.com/wp-content/themes/rele7/images/creditcards/Cash.png]
[atkinselectricga.com/contact-us/feed/index.html]
[atkinselectricga.com/wp-content/themes/rele7/images/creditcards/Check.png]
[atkinselectricga.com/wp-content/themes/rele7/images/creditcards/Visa.png]
[atkinselectricga.com/wp-content/themes/rele7/images/creditcards/Debit.png]
[atkinselectricga.com/wp-content/themes/rele7/images/creditcards/Mastercard.png]
[atkinselectricga.com/wp-content/themes/rele7/images/creditcards/American-Express.png]
[atkinselectricga.com/wp-content/themes/rele7/images/creditcards/Discover.png]
[atkinselectricga.com/contact-us/index.html]
[atkinselectricga.com/home/index.html]
[atkinselectricga.com/about-us/feed/index.html]
[atkinselectricga.com/wp-content/themes/rele7/images/about-img-1.jpg]
[atkinselectricga.com/wp-content/themes/rele7/images/about-img-3.jpg]
[atkinselectricga.com/wp-content/themes/rele7/images/about-img-2.jpg]
[atkinselectricga.com/about-us/index.html]
[atkinselectricga.com/services/index.html]
[atkinselectricga.com/services/feed/index.html]
[atkinselectricga.com/services/electrical-contractor/index.html]
[atkinselectricga.com/services/electrical-inspections/index.html]
[atkinselectricga.com/services/landscape-lighting/index.html]
[atkinselectricga.com/services/electrical-contractor/feed/index.html]
[atkinselectricga.com/services/electrical-inspections/feed/index.html]
[atkinselectricga.com/services/lighting-installation/index.html]
[atkinselectricga.com/services/landscape-lighting/feed/index.html]
[atkinselectricga.com/services/new-construction-electrical/index.html]
[atkinselectricga.com/services/lighting-installation/feed/index.html]
[atkinselectricga.com/services/appliance-installation/index.html]
[atkinselectricga.com/services/new-construction-electrical/feed/index.html]
[atkinselectricga.com/services/appliance-installation/feed/index.html]
[atkinselectricga.com/services/electrical-repair/index.html]
[atkinselectricga.com/services/electrical-repair/feed/index.html]
[atkinselectricga.com/services/electrical-retrofitting/index.html]
[atkinselectricga.com/services/electrical-retrofitting/feed/index.html]
[atkinselectricga.com/services/electrician/feed/index.html]
[atkinselectricga.com/services/electrician/index.html]
[atkinselectricga.com/services/emergency-electrician/index.html]
[atkinselectricga.com/services/emergency-electrician/feed/index.html]
[atkinselectricga.com/services/lighting-electrician/index.html]
[atkinselectricga.com/services/lighting-electrician/feed/index.html]
[atkinselectricga.com/services/rewiring-service/feed/index.html]
[atkinselectricga.com/services/rewiring-service/index.html]
[atkinselectricga.com/services/standby-generators/index.html]
[atkinselectricga.com/services/standby-generators/feed/index.html]
[atkinselectricga.com/services/surge-protection/index.html]
[atkinselectricga.com/services/surge-protection/feed/index.html]
[atkinselectricga.com/services/security-lighting/index.html]
[atkinselectricga.com/services/security-lighting/feed/index.html]
[atkinselectricga.com/services/ceiling-fan-installation/index.html]
[atkinselectricga.com/services/ceiling-fan-installation/feed/index.html]
[atkinselectricga.com/services/hot-tub-and-sauna-electrical-services/index.html]
[atkinselectricga.com/services/hot-tub-and-sauna-electrical-services/feed/index.html]
[atkinselectricga.com/faq/index.html]
[atkinselectricga.com/faq/feed/index.html]
[atkinselectricga.com/service-areas/feed/index.html]
[atkinselectricga.com/service-areas/index.html]
[atkinselectricga.com/electrical-contractor/index.html]
[atkinselectricga.com/electrical-repair/index.html]
[atkinselectricga.com/areas-of-service/rome-appliance-installation/index.html]
[atkinselectricga.com/landscape-lighting/index.html]
[atkinselectricga.com/areas-of-service/cedartown-appliance-installation/index.html]
[atkinselectricga.com/areas-of-service/hiram-appliance-installation/index.html]
[atkinselectricga.com/wp-content/plugins/linknowmedia-email/styles/jquery.datetimepicker.css]
[atkinselectricga.com/areas-of-service/rome-ceiling-fan-installation/index.html]
[atkinselectricga.com/areas-of-service/cedartown-ceiling-fan-installation/index.html]
[atkinselectricga.com/wp-content/themes/rele7/slick/fonts/slick.svg]
[atkinselectricga.com/areas-of-service/hiram-ceiling-fan-installation/index.html]
[atkinselectricga.com/areas-of-service/rome-electrical-contractor/index.html]
[atkinselectricga.com/index5c90.html]
[atkinselectricga.com/areas-of-service/cedartown-electrical-contractor/index.html]
[atkinselectricga.com/index3cc2.html]
[atkinselectricga.com/areas-of-service/hiram-electrical-contractor/index.html]
[atkinselectricga.com/index2111.html]
[atkinselectricga.com/areas-of-service/rome-electrical-contractor-services/index.html]
[atkinselectricga.com/index42dc.html]
[atkinselectricga.com/areas-of-service/cedartown-electrical-contractor-services/index.html]
[atkinselectricga.com/areas-of-service/rome-electrical-inspection/index.html]
[atkinselectricga.com/indexcaa7.html]
[atkinselectricga.com/areas-of-service/hiram-electrical-contractor-services/index.html]
[atkinselectricga.com/areas-of-service/cedartown-electrical-inspection/index.html]
[atkinselectricga.com/indexc4f7.html]
[atkinselectricga.com/areas-of-service/hiram-electrical-inspection/index.html]
[atkinselectricga.com/index9cec.html]
[atkinselectricga.com/areas-of-service/rome-electrical-repair/index.html]
[atkinselectricga.com/electrical-inspections/index.html]
[atkinselectricga.com/areas-of-service/cedartown-electrical-repair/index.html]
[atkinselectricga.com/areas-of-service/hiram-electrical-repair/index.html]
[atkinselectricga.com/areas-of-service/rome-electrical-retrofitting/index.html]
[atkinselectricga.com/lighting-installation/index.html]
[atkinselectricga.com/new-construction-electrical/index.html]
[atkinselectricga.com/areas-of-service/cedartown-electrical-retrofitting/index.html]
[atkinselectricga.com/appliance-installation/index.html]
[atkinselectricga.com/areas-of-service/hiram-electrical-retrofitting/index.html]
[atkinselectricga.com/areas-of-service/rome-electrician/index.html]
[atkinselectricga.com/hot-tub-and-sauna-electrical-services/index.html]
[atkinselectricga.com/areas-of-service/cedartown-electrician/index.html]
[atkinselectricga.com/areas-of-service/hiram-electrician/index.html]
[atkinselectricga.com/electrical-retrofitting/index.html]
[atkinselectricga.com/areas-of-service/rome-emergency-electrical/index.html]
[atkinselectricga.com/areas-of-service/cedartown-emergency-electrical/index.html]
[atkinselectricga.com/electrician/index.html]
[atkinselectricga.com/areas-of-service/hiram-emergency-electrical/index.html]
[atkinselectricga.com/areas-of-service/rome-hot-tub-and-sauna-electrical/index.html]
[atkinselectricga.com/emergency-electrician/index.html]
[atkinselectricga.com/areas-of-service/cedartown-hot-tub-and-sauna-electrical/index.html]
[atkinselectricga.com/areas-of-service/hiram-hot-tub-and-sauna-electrical/index.html]
[atkinselectricga.com/lighting-electrician/index.html]
[atkinselectricga.com/areas-of-service/rome-landscape-lighting/index.html]
[atkinselectricga.com/areas-of-service/cedartown-landscape-lighting/index.html]
[atkinselectricga.com/rewiring-service/index.html]
[atkinselectricga.com/areas-of-service/hiram-landscape-lighting/index.html]
[atkinselectricga.com/areas-of-service/cedartown-lighting-electrician/index.html]
[atkinselectricga.com/areas-of-service/rome-lighting-electrician/index.html]
[atkinselectricga.com/standby-generators/index.html]
[atkinselectricga.com/areas-of-service/hiram-lighting-electrician/index.html]
[atkinselectricga.com/areas-of-service/rome-lighting-installation/index.html]
[atkinselectricga.com/surge-protection/index.html]
[atkinselectricga.com/areas-of-service/hiram-lighting-installation/index.html]
[atkinselectricga.com/areas-of-service/cedartown-lighting-installation/index.html]
[atkinselectricga.com/areas-of-service/rome-new-construction-electrical/index.html]
[atkinselectricga.com/security-lighting/index.html]
[atkinselectricga.com/areas-of-service/cedartown-new-construction-electrical/index.html]
[atkinselectricga.com/areas-of-service/hiram-new-construction-electrical/index.html]
[atkinselectricga.com/areas-of-service/rome-rewiring-service/index.html]
[atkinselectricga.com/index2df4.html]
[atkinselectricga.com/areas-of-service/cedartown-rewiring-service/index.html]
[atkinselectricga.com/areas-of-service/hiram-rewiring-service/index.html]
[atkinselectricga.com/indexb111.html]
[atkinselectricga.com/areas-of-service/cedartown-security-lighting/index.html]
[atkinselectricga.com/areas-of-service/rome-security-lighting/index.html]
[atkinselectricga.com/indexb5fb.html]
[atkinselectricga.com/areas-of-service/hiram-security-lighting/index.html]
[atkinselectricga.com/areas-of-service/rome-standby-generator/index.html]
[atkinselectricga.com/index579f.html]
[atkinselectricga.com/areas-of-service/cedartown-standby-generator/index.html]
[atkinselectricga.com/areas-of-service/hiram-standby-generator/index.html]
[atkinselectricga.com/index678b.html]
[atkinselectricga.com/indexdecc.html]
[atkinselectricga.com/index2dc4.html]
[atkinselectricga.com/indexa500.html]
[atkinselectricga.com/index0b69.html]
[atkinselectricga.com/index0049.html]
[atkinselectricga.com/indexa1ca.html]
[atkinselectricga.com/index1634.html]
[atkinselectricga.com/indexd8eb.html]
[atkinselectricga.com/indexc1c8.html]
[atkinselectricga.com/index0735.html]
[atkinselectricga.com/indexa3ee.html]
[atkinselectricga.com/index5831.html]
[atkinselectricga.com/index41ba.html]
[atkinselectricga.com/index341b.html]
[atkinselectricga.com/index0f37.html]
[atkinselectricga.com/index3965.html]
[atkinselectricga.com/index61eb.html]
[atkinselectricga.com/index0345.html]
[atkinselectricga.com/indexa8c2.html]
[atkinselectricga.com/index40a0.html]
[atkinselectricga.com/index0ee2.html]
[atkinselectricga.com/index2cf9.html]
[atkinselectricga.com/indexe094.html]
[atkinselectricga.com/index1c4a.html]
[atkinselectricga.com/index7501.html]
[atkinselectricga.com/index9cd7.html]
[atkinselectricga.com/index9b1a.html]
[atkinselectricga.com/indexc7e3.html]
[atkinselectricga.com/indexbb5b.html]
[atkinselectricga.com/index1e7e.html]
[atkinselectricga.com/index39b6.html]
[atkinselectricga.com/indexb87d.html]
[atkinselectricga.com/index945f.html]
[atkinselectricga.com/areas-of-service/rome-surge-protection/index.html]
[atkinselectricga.com/areas-of-service/cedartown-surge-protection/index.html]
[atkinselectricga.com/wp-content/themes/rele7/lnmblog/css/blog-styles.css]
[atkinselectricga.com/areas-of-service/hiram-surge-protection/index.html]
[atkinselectricga.com/wp-includes/js/imagesloaded.min.js]
[atkinselectricga.com/wp-includes/js/masonry.min.js]
[atkinselectricga.com/wp-content/themes/rele7/lnmblog/js/lnmblog.js]
[atkinselectricga.com/areas-of-service/rome-appliance-installation/index.html]
[atkinselectricga.com/areas-of-service/cedartown-appliance-installation/index.html]
[atkinselectricga.com/areas-of-service/hiram-appliance-installation/index.html]
[atkinselectricga.com/areas-of-service/rome-ceiling-fan-installation/index.html]
[atkinselectricga.com/areas-of-service/cedartown-ceiling-fan-installation/index.html]
[atkinselectricga.com/areas-of-service/hiram-ceiling-fan-installation/index.html]
[atkinselectricga.com/areas-of-service/rome-electrical-contractor/index.html]
[atkinselectricga.com/areas-of-service/cedartown-electrical-contractor/index.html]
[atkinselectricga.com/areas-of-service/hiram-electrical-contractor/index.html]
[atkinselectricga.com/areas-of-service/rome-electrical-contractor-services/index.html]
[atkinselectricga.com/areas-of-service/cedartown-electrical-contractor-services/index.html]
[atkinselectricga.com/areas-of-service/hiram-electrical-contractor-services/index.html]
[atkinselectricga.com/areas-of-service/rome-electrical-inspection/index.html]
[atkinselectricga.com/areas-of-service/cedartown-electrical-inspection/index.html]
[atkinselectricga.com/areas-of-service/hiram-electrical-inspection/index.html]
[atkinselectricga.com/areas-of-service/rome-electrical-repair/index.html]
[atkinselectricga.com/areas-of-service/cedartown-electrical-repair/index.html]
[atkinselectricga.com/areas-of-service/hiram-electrical-repair/index.html]
[atkinselectricga.com/areas-of-service/rome-electrical-retrofitting/index.html]
[atkinselectricga.com/areas-of-service/cedartown-electrical-retrofitting/index.html]
[atkinselectricga.com/areas-of-service/hiram-electrical-retrofitting/index.html]
[atkinselectricga.com/areas-of-service/rome-electrician/index.html]
[atkinselectricga.com/areas-of-service/cedartown-electrician/index.html]
[atkinselectricga.com/areas-of-service/hiram-electrician/index.html]
[atkinselectricga.com/areas-of-service/rome-emergency-electrical/index.html]
[atkinselectricga.com/areas-of-service/cedartown-emergency-electrical/index.html]
[atkinselectricga.com/areas-of-service/hiram-emergency-electrical/index.html]
[atkinselectricga.com/areas-of-service/rome-hot-tub-and-sauna-electrical/index.html]
[atkinselectricga.com/areas-of-service/cedartown-hot-tub-and-sauna-electrical/index.html]
[atkinselectricga.com/areas-of-service/hiram-hot-tub-and-sauna-electrical/index.html]
[atkinselectricga.com/areas-of-service/rome-landscape-lighting/index.html]
[atkinselectricga.com/areas-of-service/cedartown-landscape-lighting/index.html]
[atkinselectricga.com/areas-of-service/hiram-landscape-lighting/index.html]
[atkinselectricga.com/areas-of-service/rome-lighting-electrician/index.html]
[atkinselectricga.com/areas-of-service/cedartown-lighting-electrician/index.html]
[atkinselectricga.com/areas-of-service/hiram-lighting-electrician/index.html]
[atkinselectricga.com/areas-of-service/rome-lighting-installation/index.html]
[atkinselectricga.com/areas-of-service/cedartown-lighting-installation/index.html]
[atkinselectricga.com/areas-of-service/hiram-lighting-installation/index.html]
[atkinselectricga.com/areas-of-service/rome-new-construction-electrical/index.html]
[atkinselectricga.com/areas-of-service/cedartown-new-construction-electrical/index.html]
[atkinselectricga.com/areas-of-service/hiram-new-construction-electrical/index.html]
[atkinselectricga.com/areas-of-service/rome-rewiring-service/index.html]
[atkinselectricga.com/areas-of-service/cedartown-rewiring-service/index.html]
[atkinselectricga.com/areas-of-service/hiram-rewiring-service/index.html]
[atkinselectricga.com/areas-of-service/rome-security-lighting/index.html]
[atkinselectricga.com/areas-of-service/cedartown-security-lighting/index.html]
[atkinselectricga.com/areas-of-service/hiram-security-lighting/index.html]
[atkinselectricga.com/areas-of-service/rome-standby-generator/index.html]
[atkinselectricga.com/areas-of-service/cedartown-standby-generator/index.html]
[atkinselectricga.com/areas-of-service/hiram-standby-generator/index.html]
[atkinselectricga.com/areas-of-service/rome-surge-protection/index.html]
[atkinselectricga.com/areas-of-service/cedartown-surge-protection/index.html]
[atkinselectricga.com/areas-of-service/hiram-surge-protection/index.html]
[atkinselectricga.com/wp-content/themes/rele7/lnmblog/css/blog-styles.css]
[atkinselectricga.com/indexf7f8.html]
[atkinselectricga.com/index2761.html]
[atkinselectricga.com/index6595.html]
[atkinselectricga.com/indexacd0.html]
[atkinselectricga.com/indexb3e1.html]
[atkinselectricga.com/index74b4.html]
[atkinselectricga.com/indexfe24.html]
[atkinselectricga.com/index25ac.html]
[atkinselectricga.com/ceiling-fan-installation/index.html]
[atkinselectricga.com/indexd526.html]
[atkinselectricga.com/indexb546.html]
[atkinselectricga.com/indexbbbc.html]
[atkinselectricga.com/index460f.html]
[atkinselectricga.com/indexa260.html]
[atkinselectricga.com/indexbe40.html]
[atkinselectricga.com/index6b92.html]
[atkinselectricga.com/indexbd68.html]
[atkinselectricga.com/index2905.html]
[atkinselectricga.com/index6559.html]
[atkinselectricga.com/index7ab1.html]
[atkinselectricga.com/index9fe1.html]
[atkinselectricga.com/index4c66.html]
[atkinselectricga.com/index74a0.html]
[atkinselectricga.com/indexa040.html]
[atkinselectricga.com/indexbf6e.html]
[atkinselectricga.com/index1beb.html]
[atkinselectricga.com/index3f57.html]
[atkinselectricga.com/index2c5f.html]
[atkinselectricga.com/indexd01f.html]
[atkinselectricga.com/index8c8c.html]
[atkinselectricga.com/index9245.html]
[atkinselectricga.com/index01a2.html]
[atkinselectricga.com/indexcea7.html]
[atkinselectricga.com/indexb7bc.html]
[atkinselectricga.com/index312a.html]
[atkinselectricga.com/index8a0c.html]
[atkinselectricga.com/index2baa.html]
[atkinselectricga.com/index2847.html]
[atkinselectricga.com/index6235.html]
[atkinselectricga.com/index778b.html]
[atkinselectricga.com/index3639.html]
[atkinselectricga.com/index50ba.html]
[atkinselectricga.com/indexaed0.html]
[atkinselectricga.com/index5657.html]
[atkinselectricga.com/indexce0d.html]
[atkinselectricga.com/index77b5.html]
[atkinselectricga.com/index4143.html]
[atkinselectricga.com/indexf705.html]
[atkinselectricga.com/index744f.html]
[atkinselectricga.com/index54a8.html]
[atkinselectricga.com/indexb1eb.html]
[atkinselectricga.com/index3758.html]
[atkinselectricga.com/index393a.html]
[atkinselectricga.com/index4c50.html]
[atkinselectricga.com/index9c3a.html]
[atkinselectricga.com/indexca96.html]
[atkinselectricga.com/index098f.html]
[atkinselectricga.com/index2807.html]
[atkinselectricga.com/index7509.html]
[atkinselectricga.com/indexe3b6.html]
[atkinselectricga.com/indexd13e.html]
[atkinselectricga.com/indexfaa1.html]
[atkinselectricga.com/index3154.html]
[atkinselectricga.com/indexb645.html]
[atkinselectricga.com/indexc832.html]
[atkinselectricga.com/indexb015.html]
[atkinselectricga.com/indexe734.html]
[atkinselectricga.com/index87e8.html]
[atkinselectricga.com/indexb3c9.html]
[atkinselectricga.com/index9982.html]
[atkinselectricga.com/indexf565.html]
[atkinselectricga.com/index7255.html]
[atkinselectricga.com/index1132.html]
[atkinselectricga.com/indexdba8.html]
[atkinselectricga.com/indexb2a3.html]
[atkinselectricga.com/index28bc.html]
[atkinselectricga.com/index776c.html]
[atkinselectricga.com/index0a18.html]
[atkinselectricga.com/index7c16.html]
[atkinselectricga.com/indexdd54.html]
[atkinselectricga.com/index66ab.html]
[atkinselectricga.com/index5b8d.html]
[atkinselectricga.com/index4b8d.html]
[atkinselectricga.com/indexa862.html]
[atkinselectricga.com/indexe796.html]
[atkinselectricga.com/index2d25.html]
[atkinselectricga.com/index5099.html]
[atkinselectricga.com/indexc508.html]
[atkinselectricga.com/index651e.html]
[atkinselectricga.com/indexda6e.html]
[atkinselectricga.com/indexfcf9.html]
[atkinselectricga.com/index6c15.html]
[atkinselectricga.com/indexba7d.html]
[atkinselectricga.com/indexbc6e.html]
[atkinselectricga.com/index2535.html]
[atkinselectricga.com/index9b9e.html]
[atkinselectricga.com/indexdc61.html]
[atkinselectricga.com/index8ce5.html]
[atkinselectricga.com/indexd819.html]
[atkinselectricga.com/indexcfe8.html]
[atkinselectricga.com/indexb1e7.html]
[atkinselectricga.com/indexa5f2.html]
[atkinselectricga.com/index1c2d.html]
[atkinselectricga.com/index321c.html]
[atkinselectricga.com/indexe627.html]
[atkinselectricga.com/index912b.html]
[atkinselectricga.com/indexa9e3.html]
[atkinselectricga.com/index8e0b.html]
[atkinselectricga.com/index6cdf.html]
