[www.muthelectric.com/index.html]
[backblue.gif]
[fade.gif]
[index.html]
[www.muthelectric.com/hubfs/Muth_Web_Favicon.svg]
[www.muthelectric.com/hs-fs/hub/21313090/hub_generated/template_assets/143070769727/1701299829885/Flow_child/css/main.min.css]
[www.muthelectric.com/hs-fs/hub/21313090/hub_generated/template_assets/143070769730/1703857469217/Flow_child/css/theme-overrides.min.css]
[cdn2.hubspot.net/hub/-1/hub_generated/module_assets/-2712622/1726238271582/module_-2712622_Site_search_input.min.css]
[www.muthelectric.com/hs-fs/hub/21313090/hub_generated/module_assets/145335557940/1701294683022/module_145335557940_parallax-images.min.css]
[www.muthelectric.com/hs-fs/hub/21313090/hub_generated/module_assets/143067282842/1701278647426/module_143067282842_heading.min.css]
[www.muthelectric.com/hs-fs/hub/21313090/hub_generated/module_assets/143071485606/1701291423525/module_143071485606_video-background.min.css]
[www.muthelectric.com/hs-fs/hub/21313090/hub_generated/module_assets/143071485590/1700587756825/module_143071485590_background-zoom.min.css]
[www.muthelectric.com/hs-fs/hub/21313090/hub_generated/module_assets/143067282853/1700154391346/module_143067282853_promo-box.min.css]
[www.muthelectric.com/hs-fs/hub/21313090/hub_generated/module_assets/145499410092/1702671192916/module_145499410092_Product_Gallery.min.css]
[www.muthelectric.com/hs-fs/hub/21313090/hub_generated/template_assets/143070769729/1701287197344/Flow_child/css/components/_splide.min.css]
[www.muthelectric.com/hs-fs/hub/21313090/hub_generated/module_assets/143067282849/1704310094672/module_143067282849_parallax.min.css]
[www.muthelectric.com/hs-fs/hub/21313090/hub_generated/module_assets/145019775394/1701283622256/module_145019775394_interactive-map.min.css]
[www.muthelectric.com/hs-fs/hub/21313090/hub_generated/module_assets/65656022440/1644244063023/module_65656022440_menu.min.css]
[www.muthelectric.com/hs-fs/hub/21313090/hub_generated/module_assets/81452206875/1659988682361/module_81452206875_Social-follow.min.css]
[www.muthelectric.com/_hcms/googlefonts/Kanit/500.woff2]
[www.muthelectric.com/_hcms/googlefonts/Kanit/500.woff]
[www.muthelectric.com/_hcms/googlefonts/Kanit/regular.woff2]
[www.muthelectric.com/_hcms/googlefonts/Kanit/regular.woff]
[www.muthelectric.com/_hcms/googlefonts/Khand/regular.woff2]
[www.muthelectric.com/_hcms/googlefonts/Khand/regular.woff]
[www.muthelectric.com/_hcms/googlefonts/Khand/600.woff2]
[www.muthelectric.com/_hcms/googlefonts/Khand/600.woff]
[www.muthelectric.com/_hcms/googlefonts/Khand/700.woff2]
[www.muthelectric.com/_hcms/googlefonts/Khand/700.woff]
[cdn.jsdelivr.net/npm/simple-parallax-js@5.6.1/dist/simpleParallax.min.js]
[www.muthelectric.com/hs-fs/hubfs/muth-logo-white@2x-1f296.png]
[www.muthelectric.com/hubfs/logo-muth-blue.png]
[www.muthelectric.com/about.html]
[www.muthelectric.com/about/leadership.html]
[www.muthelectric.com/services.html]
[www.muthelectric.com/services/prefabrication.html]
[www.muthelectric.com/services/power-solutions.html]
[www.muthelectric.com/services/projects.html]
[www.muthelectric.com/services/testimonials.html]
[www.muthelectric.com/technology.html]
[www.muthelectric.com/careers.html]
[www.muthelectric.com/careers/open-positions.html]
[www.muthelectric.com/request-services.html]
[www.muthelectric.com/contact.html]
[www.muthelectric.com/locations.html]
[www.muthelectric.com/hs-fs/hubfs/circle-small-solid-white39ab.png]
[www.muthelectric.com/hs-fs/hubfs/circle-large-outline-blue56fc.png]
[21313090.fs1.hubspotusercontent-na1.net/hub/21313090/hubfs/hero-placeholder@2x7f45.png]
[21313090.fs1.hubspotusercontent-na1.net/hub/21313090/hubfs/hero-placeholder@2xbf60.png]
[21313090.fs1.hubspotusercontent-na1.net/hub/21313090/hubfs/hero-placeholder@2xd3bb.png]
[21313090.fs1.hubspotusercontent-na1.net/hub/21313090/hubfs/Graphic Pro/MUTH_Web_Half_Back_545x800_Homepage0657.jpg]
[21313090.fs1.hubspotusercontent-na1.net/hub/21313090/hubfs/Graphic Pro/MUTH_Web_Half_Middle_800x800_Homepagea067.jpg]
[www.muthelectric.com/hs-fs/hubfs/circle-medium-outline-white736f.png]
[www.muthelectric.com/hs-fs/hubfs/Graphic Pro/MUTH_Web_Half_560x560_Homepage14bc.jpg]
[21313090.fs1.hubspotusercontent-na1.net/hub/21313090/hubfs/Graphic Pro/MUTH_Web_3ImageBlock_1028x1178_Aboutd959.jpg]
[21313090.fs1.hubspotusercontent-na1.net/hub/21313090/hubfs/Graphic Pro/MUTH_Web_3ImageBlock_1028x1178_Services-1e94c.jpg]
[21313090.fs1.hubspotusercontent-na1.net/hub/21313090/hubfs/Graphic Pro/MUTH_Web_3ImageBlock_1028x1178_MuthTech-19187.jpg]
[www.muthelectric.com/hs-fs/hubfs/circle-small-solid-blue97ed.png]
[www.muthelectric.com/hs-fs/hubfs/circle-medium-outline-bluea9f0.png]
[www.muthelectric.com/hs-fs/hubfs/circle-large-outline-blue2d04.png]
[21313090.fs1.hubspotusercontent-na1.net/hub/21313090/hubfs/Untitled design - 2023-12-01T155635.4136074.png]
[21313090.fs1.hubspotusercontent-na1.net/hub/21313090/hubfs/Untitled design - 2023-12-01T160101.674cce2.png]
[21313090.fs1.hubspotusercontent-na1.net/hub/21313090/hubfs/Untitled design - 2023-12-01T160601.728d24b.jpg]
[21313090.fs1.hubspotusercontent-na1.net/hub/21313090/hubfs/Untitled design - 2023-12-01T160639.1227711.png]
[21313090.fs1.hubspotusercontent-na1.net/hub/21313090/hubfs/Untitled design - 2023-12-01T160619.2712422.png]
[21313090.fs1.hubspotusercontent-na1.net/hub/21313090/hubfs/Graphic Pro/MUTH_Web_BGParallax_4000x2250_Testimonials_v286eb.jpg]
[21313090.fs1.hubspotusercontent-na1.net/hub/21313090/hubfs/Graphic Pro/MUTH_Web_BGParallax_4000x2250_Testimonials_v25d31.jpg]
[www.muthelectric.com/hs-fs/hubfs/interactive-map-background@2x795d.png]
[21313090.fs1.hubspotusercontent-na1.net/hub/21313090/hubfs/Graphic Pro/MUTH_Web_BGParallax_4000x2250_Locations485c.jpg]
[21313090.fs1.hubspotusercontent-na1.net/hub/21313090/hubfs/Graphic Pro/MUTH_Web_BGParallax_4000x2250_Locations4af8.jpg]
[21313090.fs1.hubspotusercontent-na1.net/hub/21313090/hubfs/Graphic Pro/MUTH_Web_BGParallax_4000x2250_Careers10d2.jpg]
[21313090.fs1.hubspotusercontent-na1.net/hub/21313090/hubfs/Graphic Pro/MUTH_Web_BGParallax_4000x2250_Careers6058.jpg]
[21313090.fs1.hubspotusercontent-na1.net/hub/21313090/hubfs/Graphic Pro/MUTH_Web_Half_Back_545x800_OurCareers17a6.jpg]
[21313090.fs1.hubspotusercontent-na1.net/hub/21313090/hubfs/Graphic Pro/MUTH_Web_Half_Middle_800x800_OurCareersfd38.jpg]
[21313090.fs1.hubspotusercontent-na1.net/hub/21313090/hubfs/Graphic Pro/MUTH_Web_Half_Front_810x540_OurCareersb9a7.jpg]
[www.muthelectric.com/privacy.html]
[static.hsappstatic.net/content-cwv-embed/static-1.971/embed.js]
[www.muthelectric.com/hs-fs/hub/21313090/hub_generated/template_assets/143066034487/1701287200621/Flow_child/child.min.js]
[cdnjs.cloudflare.com/ajax/libs/jquery/3.6.0/jquery.min.js]
[www.muthelectric.com/hs-fs/hub/21313090/hub_generated/template_assets/141472657513/1701287202537/Flow_child/js/main.min.js]
[www.muthelectric.com/hs/hsstatic/cos-i18n/static-1.53/bundles/project.js]
[www.muthelectric.com/hs-fs/hub/21313090/hub_generated/module_assets/143071485602/1701279738282/module_143071485602_menu-section.min.js]
[cdn2.hubspot.net/hub/-1/hub_generated/module_assets/-2712622/1726238270890/module_-2712622_Site_search_input.min.js]
[www.muthelectric.com/hs-fs/hub/21313090/hub_generated/template_assets/141472657512/1701287207390/Flow_child/js/custombg.min.js]
[www.muthelectric.com/hs-fs/hub/21313090/hub_generated/module_assets/143071485590/1700587755991/module_143071485590_background-zoom.min.js]
[www.muthelectric.com/hs-fs/hub/21313090/hub_generated/module_assets/143067282853/1700154390693/module_143067282853_promo-box.min.js]
[www.muthelectric.com/hs-fs/hub/21313090/hub_generated/module_assets/143070769777/1701361807943/module_143070769777_scrolling-text.min.js]
[www.muthelectric.com/hs-fs/hub/21313090/hub_generated/template_assets/141474599181/1701287203259/Flow_child/js/splide.min.js]
[www.muthelectric.com/hs-fs/hub/21313090/hub_generated/module_assets/143067282859/1698844958527/module_143067282859_testimonials-slider.min.js]
[www.muthelectric.com/hs-fs/hub/21313090/hub_generated/template_assets/141475452236/1701287200632/Flow_child/js/parallax.min.js]
[www.muthelectric.com/hs-fs/hub/21313090/hub_generated/module_assets/143067282849/1704310093991/module_143067282849_parallax.min.js]
[www.muthelectric.com/hs-fs/hub/21313090/hub_generated/module_assets/65656022440/1644244062944/module_65656022440_menu.min.js]
[www.muthelectric.com/hs/scriptloader/21313090.js]
[www.muthelectric.com/index.html]
[www.muthelectric.com/hs/hsstatic/HubspotToolsMenu/static-1.354/js/index.js]
[www.muthelectric.com/hubfs/88.9606]
[www.muthelectric.com/hubfs/Muth_Web_Favicon.svg]
[21313090.fs1.hubspotusercontent-na1.net/hubfs/21313090/raw_assets/public/Flow child/images/fixed.jpg]
[www.muthelectric.com/hs-fs/hub/21313090/hub_generated/template_assets/143070769727/1701299829885/Flow_child/css/main.min.css]
[www.muthelectric.com/hs-fs/hub/21313090/hub_generated/template_assets/143070769730/1703857469217/Flow_child/css/theme-overrides.min.css]
[www.muthelectric.com/hs-fs/hub/21313090/hub_generated/template_assets/143063915161/1701287193195/Flow_child/child.min.css]
[cdn2.hubspot.net/hub/-1/hub_generated/module_assets/-2712622/1726238271582/module_-2712622_Site_search_input.min.css]
[www.muthelectric.com/hs-fs/hub/21313090/hub_generated/module_assets/145335557940/1701294683022/module_145335557940_parallax-images.min.css]
[www.muthelectric.com/hs-fs/hub/21313090/hub_generated/module_assets/143067282842/1701278647426/module_143067282842_heading.min.css]
[www.muthelectric.com/hs-fs/hub/21313090/hub_generated/module_assets/143071485606/1701291423525/module_143071485606_video-background.min.css]
[www.muthelectric.com/hs-fs/hub/21313090/hub_generated/module_assets/143071485590/1700587756825/module_143071485590_background-zoom.min.css]
[www.muthelectric.com/hs-fs/hub/21313090/hub_generated/module_assets/143067282853/1700154391346/module_143067282853_promo-box.min.css]
[www.muthelectric.com/hs-fs/hub/21313090/hub_generated/module_assets/145499410092/1702671192916/module_145499410092_Product_Gallery.min.css]
[www.muthelectric.com/hs-fs/hub/21313090/hub_generated/template_assets/143070769729/1701287197344/Flow_child/css/components/_splide.min.css]
[www.muthelectric.com/hs-fs/hub/21313090/hub_generated/module_assets/143067282849/1704310094672/module_143067282849_parallax.min.css]
[www.muthelectric.com/hs-fs/hub/21313090/hub_generated/module_assets/145019775394/1701283622256/module_145019775394_interactive-map.min.css]
[www.muthelectric.com/hs-fs/hub/21313090/hub_generated/module_assets/65656022440/1644244063023/module_65656022440_menu.min.css]
[www.muthelectric.com/hs-fs/hub/21313090/hub_generated/module_assets/81452206875/1659988682361/module_81452206875_Social-follow.min.css]
[www.googletagmanager.com/gtm5445.html]
[www.muthelectric.com/indexc6eb.html]
[cdn2.hubspot.net/hub/-1/hub_generated/module_assets/-2712622/1725657504026/module_-2712622_Site_search_input.min.css]
[21313090.fs1.hubspotusercontent-na1.net/hub/21313090/hubfs/Graphic Pro/MUTH_Web_Hero_4000x2250_Locations1c8b.jpg]
[21313090.fs1.hubspotusercontent-na1.net/hub/21313090/hubfs/Graphic Pro/MUTH_Web_Hero_4000x2250_About69e6.jpg]
[21313090.fs1.hubspotusercontent-na1.net/hub/21313090/hubfs/Graphic Pro/MUTH_Web_Hero_4000x2250_Aboutcc7c.jpg]
[21313090.fs1.hubspotusercontent-na1.net/hub/21313090/hubfs/Graphic Pro/MUTH_Web_Half_Back_545x800_AboutUs30a8.jpg]
[21313090.fs1.hubspotusercontent-na1.net/hub/21313090/hubfs/Graphic Pro/MUTH_Web_Half_Middle_800x800_AboutUseff5.jpg]
[21313090.fs1.hubspotusercontent-na1.net/hub/21313090/hubfs/map-background@2x8e67.png]
[21313090.fs1.hubspotusercontent-na1.net/hub/21313090/hubfs/map-background@2x8f12.png]
[21313090.fs1.hubspotusercontent-na1.net/hub/21313090/hubfs/Graphic Pro/MUTH_Web_Half_Back_545x800_Expertiseefd7.jpg]
[21313090.fs1.hubspotusercontent-na1.net/hub/21313090/hubfs/Graphic Pro/MUTH_Web_Half_Middle_800x800_Expertisee5f3.jpg]
[21313090.fs1.hubspotusercontent-na1.net/hub/21313090/hubfs/Graphic Pro/MUTH_Web_Half_Front_810x540_Expertisee694.jpg]
[www.muthelectric.com/about.html]
[cdn2.hubspot.net/hub/-1/hub_generated/module_assets/-2712622/1725657503339/module_-2712622_Site_search_input.min.js]
[www.muthelectric.com/hs-fs/hub/21313090/hub_generated/module_assets/143067282858/1712590700313/module_143067282858_team-member.min.css]
[21313090.fs1.hubspotusercontent-na1.net/hub/21313090/hubfs/interior-hero@2xadc7.png]
[www.muthelectric.com/hubfs/map-background@2x.png]
[www.muthelectric.com/hubfs/Muth_ExecTeam_DickDarleneMuth.jpg]
[21313090.fs1.hubspotusercontent-na1.net/hubfs/21313090/Muth_ExecTeam_PaulMuth.jpg]
[www.muthelectric.com/hubfs/Muth_ExecTeam_PaulMuth.jpg]
[21313090.fs1.hubspotusercontent-na1.net/hubfs/21313090/Muth_ExecTeam_DavidClark.jpg]
[www.muthelectric.com/hubfs/Muth_ExecTeam_DavidClark.jpg]
[21313090.fs1.hubspotusercontent-na1.net/hubfs/21313090/Muth_ExecTeam_LyndonnMaas.jpg]
[www.muthelectric.com/hs-fs/hubfs/Muth_ExecTeam_LyndonnMaas666d.jpg]
[21313090.fs1.hubspotusercontent-na1.net/hubfs/21313090/Muth_ExecTeam_PaulMayer.jpg]
[www.muthelectric.com/hs-fs/hubfs/Muth_ExecTeam_PaulMayer690d.jpg]
[21313090.fs1.hubspotusercontent-na1.net/hubfs/21313090/Muth_ExecTeam_BrandyClark.jpg]
[www.muthelectric.com/hubfs/Muth_ExecTeam_BrandyClark.jpg]
[21313090.fs1.hubspotusercontent-na1.net/hubfs/21313090/Muth_ExecTeam_BillySchneider-1.jpg]
[www.muthelectric.com/hubfs/Muth_ExecTeam_BillySchneider-1.jpg]
[21313090.fs1.hubspotusercontent-na1.net/hub/21313090/hubfs/Graphic Pro/MUTH_Web_3ImageBlock_1028x1178_Services6fe1.jpg]
[21313090.fs1.hubspotusercontent-na1.net/hub/21313090/hubfs/Graphic Pro/MUTH_Web_3ImageBlock_1028x1178_MuthTech4984.jpg]
[www.muthelectric.com/about/leadership.html]
[21313090.fs1.hubspotusercontent-na1.net/hub/21313090/hubfs/Graphic Pro/MUTH_Web_Half-ScrollText_3840x2195_Servicescc69.jpg]
[21313090.fs1.hubspotusercontent-na1.net/hub/21313090/hubfs/Graphic Pro/MUTH_Web_Half-ScrollText_3840x2195_Prefabfcd2.jpg]
[21313090.fs1.hubspotusercontent-na1.net/hub/21313090/hubfs/Graphic Pro/MUTH_Web_Half-ScrollText_3840x2195_Prefab99b2.jpg]
[21313090.fs1.hubspotusercontent-na1.net/hub/21313090/hubfs/Graphic Pro/MUTH_Web_Half_Back_545x800_Services_2cd43.jpg]
[21313090.fs1.hubspotusercontent-na1.net/hub/21313090/hubfs/Graphic Pro/MUTH_Web_Half_Middle_800x800_Services5b3d.jpg]
[21313090.fs1.hubspotusercontent-na1.net/hub/21313090/hubfs/Graphic Pro/MUTH_Web_3ImageBlock_1028x1178_Prefab6be1.jpg]
[21313090.fs1.hubspotusercontent-na1.net/hub/21313090/hubfs/Graphic Pro/MUTH_Web_3ImageBlock_1028x1178_PowerSolutions-1dfa1.jpg]
[21313090.fs1.hubspotusercontent-na1.net/hub/21313090/hubfs/Graphic Pro/MUTH_Web_3ImageBlock_1028x1178_DataandFiber328a.jpg]
[www.muthelectric.com/services.html]
[21313090.fs1.hubspotusercontent-na1.net/hub/21313090/hubfs/Graphic Pro/MUTH_Web_BGParallax_4000x2250_Locations1c8b.jpg]
[21313090.fs1.hubspotusercontent-na1.net/hub/21313090/hubfs/Graphic Pro/MUTH_Web_Half-ScrollText_3840x2195_Prefabcc69.jpg]
[21313090.fs1.hubspotusercontent-na1.net/hub/21313090/hubfs/Graphic Pro/MUTH_Web_Hero_4000x2250_Prefab69ac.jpg]
[21313090.fs1.hubspotusercontent-na1.net/hub/21313090/hubfs/Graphic Pro/MUTH_Web_Hero_4000x2250_Prefab2857.jpg]
[21313090.fs1.hubspotusercontent-na1.net/hub/21313090/hubfs/Graphic Pro/MUTH_Web_3ImageBlock_1028x1178_Projects-1d42e.jpg]
[www.muthelectric.com/services/prefabrication.html]
[21313090.fs1.hubspotusercontent-na1.net/hub/21313090/hubfs/Graphic Pro/MUTH_Web_Hero_4000x2250_PowerSolutionsbca4.jpg]
[21313090.fs1.hubspotusercontent-na1.net/hub/21313090/hubfs/Graphic Pro/MUTH_Web_Hero_4000x2250_PowerSolutionscfc9.jpg]
[21313090.fs1.hubspotusercontent-na1.net/hub/21313090/hubfs/Graphic Pro/MUTH_Web_Half_Back_545x800_PowerSolutions0a1d.jpg]
[21313090.fs1.hubspotusercontent-na1.net/hub/21313090/hubfs/Graphic Pro/MUTH_Web_Half_Middle_800x800_PowerSolutions7049.jpg]
[www.muthelectric.com/hs-fs/hubfs/muthpowersolutions_horizontal_logotype_full_color_rgb_750px@72ppi[74]270e.jpg]
[www.muthelectric.com/services/power-solutions.html]
[www.muthelectric.com/hs-fs/hub/21313090/hub_generated/module_assets/145921706891/1702668748219/module_145921706891_Product_Gallery_Filter.min.css]
[21313090.fs1.hubspotusercontent-na1.net/hub/21313090/hubfs/Graphic Pro/MUTH_Web_Hero_4000x2250_Projectse24c.jpg]
[21313090.fs1.hubspotusercontent-na1.net/hub/21313090/hubfs/Graphic Pro/MUTH_Web_Hero_4000x2250_Projects8136.jpg]
[www.muthelectric.com/services/projects.html]
[www.muthelectric.com/hs-fs/hub/21313090/hub_generated/module_assets/145921706891/1702668747511/module_145921706891_Product_Gallery_Filter.min.js]
[21313090.fs1.hubspotusercontent-na1.net/hub/21313090/hubfs/Graphic Pro/MUTH_Web_BGParallax_4000x2250_Testimonials1c8b.jpg]
[21313090.fs1.hubspotusercontent-na1.net/hub/21313090/hubfs/Graphic Pro/MUTH_Web_BGParallax_4000x2250_Careers1c8b.jpg]
[sidebar.bugherd.com/embed2d5a.js]
[21313090.fs1.hubspotusercontent-na1.net/hub/21313090/hubfs/Graphic Pro/MUTH_Web_Half-ScrollText_3840x2195_Services6189.jpg]
[21313090.fs1.hubspotusercontent-na1.net/hub/21313090/hubfs/Graphic Pro/MUTH_Web_Half-ScrollText_3840x2195_Serviceseb85.jpg]
[21313090.fs1.hubspotusercontent-na1.net/hub/21313090/hubfs/Untitled design - 2023-12-01T160220.44903af.png]
[21313090.fs1.hubspotusercontent-na1.net/hub/21313090/hubfs/Graphic Pro/MUTH_Web_3ImageBlock_1028x1178_Prefab074d.jpg]
[21313090.fs1.hubspotusercontent-na1.net/hub/21313090/hubfs/Graphic Pro/MUTH_Web_Half_Middle_800x800_OurCareers4b88.jpg]
[21313090.fs1.hubspotusercontent-na1.net/hub/21313090/hubfs/Graphic Pro/MUTH_Web_Half_Middle_800x800_Services10d5.jpg]
[www.muthelectric.com/services/testimonials.html]
[21313090.fs1.hubspotusercontent-na1.net/hub/21313090/hubfs/Muth Tech 2c4dd.jpg]
[21313090.fs1.hubspotusercontent-na1.net/hub/21313090/hubfs/Graphic Pro/MUTH_Web_Half-ScrollText_3840x2195_MuthTech-DesignAssistcc69.jpg]
[21313090.fs1.hubspotusercontent-na1.net/hub/21313090/hubfs/Graphic Pro/MUTH_Web_Hero_4000x2250_MuthTechnology3ab1.jpg]
[21313090.fs1.hubspotusercontent-na1.net/hub/21313090/hubfs/Graphic Pro/MUTH_Web_Hero_4000x2250_MuthTechnology2da0.jpg]
[21313090.fs1.hubspotusercontent-na1.net/hub/21313090/hubfs/Graphic Pro/MUTH_Web_Half_Middle_800x800_MuthTech_2b6f4.jpg]
[21313090.fs1.hubspotusercontent-na1.net/hub/21313090/hubfs/Muth Tech 938d.jpg]
[21313090.fs1.hubspotusercontent-na1.net/hub/21313090/hubfs/Graphic Pro/MUTH_Web_3ImageBlock_1028x1178_Projects-2b95b.jpg]
[21313090.fs1.hubspotusercontent-na1.net/hub/21313090/hubfs/Graphic Pro/MUTH_Web_3ImageBlock_1028x1178_Careers0f3a.jpg]
[www.muthelectric.com/technology.html]
[21313090.fs1.hubspotusercontent-na1.net/hub/21313090/hubfs/Graphic Pro/MUTH_Web_BGParallax_4000x2250_Advancement1c8b.jpg]
[21313090.fs1.hubspotusercontent-na1.net/hub/21313090/hubfs/Graphic Pro/MUTH_Web_Half-ScrollText_3840x2195_Careers-EmployeeQualitiescc69.jpg]
[21313090.fs1.hubspotusercontent-na1.net/hub/21313090/hubfs/Graphic Pro/MUTH_Web_Half-ScrollText_3840x2195_Careers-EmployeeBenefitscc69.jpg]
[21313090.fs1.hubspotusercontent-na1.net/hub/21313090/hubfs/Graphic Pro/MUTH_Web_Hero_4000x2250_Careers4658.jpg]
[21313090.fs1.hubspotusercontent-na1.net/hub/21313090/hubfs/Graphic Pro/MUTH_Web_Hero_4000x2250_Careers6088.jpg]
[www.muthelectric.com/careers.html]
[21313090.fs1.hubspotusercontent-na1.net/hub/21313090/hubfs/Graphic Pro/MUTH_Web_Hero_4000x2250_OpenPositions6e1a.jpg]
[21313090.fs1.hubspotusercontent-na1.net/hub/21313090/hubfs/Graphic Pro/MUTH_Web_Hero_4000x2250_OpenPositions8471.jpg]
[21313090.fs1.hubspotusercontent-na1.net/hub/21313090/hubfs/Graphic Pro/MUTH_Web_Half_Back_545x800_OurCareersf369.jpg]
[21313090.fs1.hubspotusercontent-na1.net/hub/21313090/hubfs/Graphic Pro/MUTH_Web_Half_Middle_800x800_OurCareersabdf.jpg]
[21313090.fs1.hubspotusercontent-na1.net/hub/21313090/hubfs/Graphic Pro/MUTH_Web_Half_Front_810x540_OurCareersf650.jpg]
[www.muthelectric.com/careers/open-positions.html]
[www.muthelectric.com/hs-fs/hubfs/circle-medium-outline-blued66f.png]
[www.muthelectric.com/request-services.html]
[www.muthelectric.com/_hcms/forms/v2.js]
[21313090.fs1.hubspotusercontent-na1.net/hub/21313090/hubfs/Graphic Pro/MUTH_Web_Hero_4000x2250_Contact550c.jpg]
[21313090.fs1.hubspotusercontent-na1.net/hub/21313090/hubfs/Graphic Pro/MUTH_Web_Hero_4000x2250_Contacta14e.jpg]
[www.muthelectric.com/contact.html]
[21313090.fs1.hubspotusercontent-na1.net/hub/21313090/hubfs/Graphic Pro/MUTH_Web_Hero_4000x2250_Locations828b.jpg]
[21313090.fs1.hubspotusercontent-na1.net/hub/21313090/hubfs/Graphic Pro/MUTH_Web_Hero_4000x2250_Locations16d3.jpg]
[www.muthelectric.com/locations.html]
[21313090.fs1.hubspotusercontent-na1.net/hub/21313090/hubfs/interior_hero@2xf830.png]
[21313090.fs1.hubspotusercontent-na1.net/hub/21313090/hubfs/interior_hero@2x64ee.png]
[www.muthelectric.com/privacy.html]
[www.muthelectric.com/hubfs/88.html]
[cdn2.hubspot.net/hub/-1/hub_generated/module_assets/-2712622/1725657504026/module_-2712622_Site_search_input.min.css]
[www.muthelectric.com/hs-fs/hub/21313090/hub_generated/module_assets/143071485600/1701284590354/module_143071485600_lead-text.min.css]
[www.muthelectric.com/hs-fs/hub/21313090/hub_generated/module_assets/143067282858/1712590700313/module_143067282858_team-member.min.css]
[www.muthelectric.com/hs-fs/hub/21313090/hub_generated/module_assets/145921706891/1702668748219/module_145921706891_Product_Gallery_Filter.min.css]
